[2026-05-21--11-37-05 INFO actix_server::builder] starting 5 workers
[2026-05-21--11-37-05 INFO actix_server::server] Tokio runtime found; starting in existing Tokio runtime
[2026-05-21--11-37-05 INFO actix_server::server] starting service: "actix-web-service-127.0.0.1:18488", workers: 5, listening on: 127.0.0.1:18488
[2026-05-21--11-37-06 INFO parity_ws] Listening for new connections on 127.0.0.1:8900.
[2026-05-21--11-37-08 INFO txtx::svm::deploy_program] [Recovery Instructions] - An ephemeral authority account will be created and funded to write to the buffer account.
[2026-05-21--11-37-08 INFO txtx::svm::deploy_program] [Recovery Instructions] - Please save the following information in case the deployment fails and the account needs to be recovered:
[2026-05-21--11-37-08 INFO txtx::svm::deploy_program] [Recovery Instructions] - Ephemeral authority public key: 25D5fc4oTddGEdq2TdBjCnttkx2rFt6ET7jZXpvJqQWW
[2026-05-21--11-37-08 INFO txtx::svm::deploy_program] [Recovery Instructions] - Ephemeral authority secret key: [62, 244, 165, 219, 152, 226, 100, 50, 113, 237, 67, 27, 37, 123, 61, 141, 69, 126, 231, 52, 35, 158, 102, 29, 19, 113, 255, 101, 211, 121, 241, 212, 15, 239, 171, 104, 92, 192, 57, 194, 155, 10, 85, 200, 94, 112, 59, 33, 196, 27, 29, 84, 211, 219, 141, 136, 55, 11, 2, 80, 209, 211, 113, 91]
[2026-05-21--11-37-08 INFO txtx::svm::deploy_program] Account Created - Ephemeral authority account created and funded to write to buffer
[2026-05-21--11-37-08 INFO txtx::svm::deploy_program] [Recovery Instructions] - Creating program buffer account at pubkey 96UhGcdKjbEucPCMpEtEeca6pw4Q1VAn6LWQrh4uEejG
[2026-05-21--11-37-09 INFO txtx::svm::deploy_program] Account Created - Program buffer account created
[2026-05-21--11-37-22 INFO txtx::svm::deploy_program] Buffer Ready - Writing to buffer account is complete
[2026-05-21--11-37-23 INFO txtx::svm::deploy_program] Program Created - Program 97CULumuehCLe4rxT7fHJQje49QT2NC3T6zTmtEBSDRj has been deployed
[2026-05-21--11-37-25 INFO txtx::svm::deploy_program] Complete - Ephemeral authority account closed and leftover funds returned to payer
[2026-05-21--11-48-12 INFO actix_server::accept] accept thread stopped
[2026-05-21--11-48-12 INFO actix_server::worker] shutting down idle worker
[2026-05-21--11-48-12 INFO actix_server::worker] shutting down idle worker
[2026-05-21--11-48-12 INFO actix_server::worker] shutting down idle worker
[2026-05-21--11-48-12 INFO actix_server::worker] shutting down idle worker
[2026-05-21--11-48-12 INFO actix_server::worker] shutting down idle worker
