[2026-05-20--15-34-51 INFO actix_server::builder] starting 5 workers
[2026-05-20--15-34-51 INFO actix_server::server] Tokio runtime found; starting in existing Tokio runtime
[2026-05-20--15-34-51 INFO actix_server::server] starting service: "actix-web-service-127.0.0.1:18488", workers: 5, listening on: 127.0.0.1:18488
[2026-05-20--15-34-54 INFO parity_ws] Listening for new connections on 127.0.0.1:8900.
[2026-05-20--15-34-57 INFO txtx::svm::deploy_program] [Recovery Instructions] - An ephemeral authority account will be created and funded to write to the buffer account.
[2026-05-20--15-34-57 INFO txtx::svm::deploy_program] [Recovery Instructions] - Please save the following information in case the deployment fails and the account needs to be recovered:
[2026-05-20--15-34-57 INFO txtx::svm::deploy_program] [Recovery Instructions] - Ephemeral authority public key: CWR2MCuXUVjgSgfee9tFABKe5zBFMtJKp5YHTEmNDY76
[2026-05-20--15-34-57 INFO txtx::svm::deploy_program] [Recovery Instructions] - Ephemeral authority secret key: [42, 97, 218, 113, 203, 170, 174, 105, 238, 216, 125, 130, 147, 241, 101, 205, 7, 67, 112, 13, 88, 197, 93, 128, 20, 103, 236, 119, 223, 104, 145, 86, 170, 249, 144, 21, 90, 117, 252, 95, 230, 91, 247, 22, 169, 148, 185, 214, 77, 5, 47, 58, 38, 82, 143, 80, 252, 160, 140, 86, 174, 47, 60, 173]
[2026-05-20--15-34-57 INFO txtx::svm::deploy_program] Account Created - Ephemeral authority account created and funded to write to buffer
[2026-05-20--15-34-57 INFO txtx::svm::deploy_program] [Recovery Instructions] - Creating program buffer account at pubkey 6u8oRNn9j11axpMrCLsoktrgimdprzoMW7rAHsj4C9Vz
[2026-05-20--15-34-58 INFO txtx::svm::deploy_program] Account Created - Program buffer account created
[2026-05-20--15-35-06 INFO txtx::svm::deploy_program] Buffer Ready - Writing to buffer account is complete
[2026-05-20--15-35-07 INFO txtx::svm::deploy_program] Program Created - Program 97CULumuehCLe4rxT7fHJQje49QT2NC3T6zTmtEBSDRj has been deployed
[2026-05-20--15-35-08 INFO txtx::svm::deploy_program] Complete - Ephemeral authority account closed and leftover funds returned to payer
[2026-05-20--15-53-05 INFO actix_server::accept] accept thread stopped
[2026-05-20--15-53-05 INFO actix_server::worker] shutting down idle worker
[2026-05-20--15-53-05 INFO actix_server::worker] shutting down idle worker
[2026-05-20--15-53-05 INFO actix_server::worker] shutting down idle worker
[2026-05-20--15-53-05 INFO actix_server::worker] shutting down idle worker
[2026-05-20--15-53-05 INFO actix_server::worker] shutting down idle worker
