[2026-05-20--15-12-02 INFO actix_server::builder] starting 5 workers
[2026-05-20--15-12-02 INFO actix_server::server] Tokio runtime found; starting in existing Tokio runtime
[2026-05-20--15-12-02 INFO actix_server::server] starting service: "actix-web-service-127.0.0.1:18488", workers: 5, listening on: 127.0.0.1:18488
[2026-05-20--15-12-03 INFO parity_ws] Listening for new connections on 127.0.0.1:8900.
[2026-05-20--15-12-10 INFO txtx::svm::deploy_program] [Recovery Instructions] - An ephemeral authority account will be created and funded to write to the buffer account.
[2026-05-20--15-12-10 INFO txtx::svm::deploy_program] [Recovery Instructions] - Please save the following information in case the deployment fails and the account needs to be recovered:
[2026-05-20--15-12-10 INFO txtx::svm::deploy_program] [Recovery Instructions] - Ephemeral authority public key: GkdC9EDoDzPLYGeKVSixbbURDp1SKiLtFgeRaM8b4rEx
[2026-05-20--15-12-10 INFO txtx::svm::deploy_program] [Recovery Instructions] - Ephemeral authority secret key: [208, 173, 199, 121, 250, 40, 39, 95, 39, 68, 170, 52, 221, 225, 182, 45, 164, 173, 175, 89, 200, 123, 10, 173, 106, 183, 233, 114, 81, 131, 222, 13, 234, 12, 51, 131, 117, 47, 80, 152, 126, 58, 98, 86, 85, 239, 3, 39, 138, 45, 222, 130, 15, 187, 46, 88, 184, 158, 251, 62, 46, 238, 22, 133]
[2026-05-20--15-12-11 INFO txtx::svm::deploy_program] Account Created - Ephemeral authority account created and funded to write to buffer
[2026-05-20--15-12-11 INFO txtx::svm::deploy_program] [Recovery Instructions] - Creating program buffer account at pubkey DJCDcBhTP7P6GEf4cE5a8SA5K7T71NMUfykLiMk6cmjq
[2026-05-20--15-12-11 INFO txtx::svm::deploy_program] Account Created - Program buffer account created
[2026-05-20--15-12-20 INFO txtx::svm::deploy_program] Buffer Ready - Writing to buffer account is complete
[2026-05-20--15-12-22 INFO txtx::svm::deploy_program] Program Created - Program 97CULumuehCLe4rxT7fHJQje49QT2NC3T6zTmtEBSDRj has been deployed
[2026-05-20--15-12-23 INFO txtx::svm::deploy_program] Complete - Ephemeral authority account closed and leftover funds returned to payer
[2026-05-20--15-20-53 INFO actix_server::accept] accept thread stopped
[2026-05-20--15-20-53 INFO actix_server::worker] shutting down idle worker
[2026-05-20--15-20-53 INFO actix_server::worker] shutting down idle worker
[2026-05-20--15-20-53 INFO actix_server::worker] shutting down idle worker
[2026-05-20--15-20-53 INFO actix_server::worker] shutting down idle worker
[2026-05-20--15-20-53 INFO actix_server::worker] shutting down idle worker
