[2026-05-20--15-53-11 INFO actix_server::builder] starting 5 workers
[2026-05-20--15-53-11 INFO actix_server::server] Tokio runtime found; starting in existing Tokio runtime
[2026-05-20--15-53-11 INFO actix_server::server] starting service: "actix-web-service-127.0.0.1:18488", workers: 5, listening on: 127.0.0.1:18488
[2026-05-20--15-53-12 INFO parity_ws] Listening for new connections on 127.0.0.1:8900.
[2026-05-20--15-53-14 INFO txtx::svm::deploy_program] [Recovery Instructions] - An ephemeral authority account will be created and funded to write to the buffer account.
[2026-05-20--15-53-14 INFO txtx::svm::deploy_program] [Recovery Instructions] - Please save the following information in case the deployment fails and the account needs to be recovered:
[2026-05-20--15-53-14 INFO txtx::svm::deploy_program] [Recovery Instructions] - Ephemeral authority public key: DGn4U5nFnfL3dejuuYig8aoJWphZxLHzntQTXH1SZcFh
[2026-05-20--15-53-14 INFO txtx::svm::deploy_program] [Recovery Instructions] - Ephemeral authority secret key: [203, 59, 5, 8, 154, 248, 188, 48, 243, 180, 118, 231, 133, 199, 222, 232, 70, 147, 146, 28, 139, 81, 48, 60, 175, 44, 137, 81, 86, 86, 44, 218, 182, 86, 231, 141, 115, 225, 177, 45, 201, 211, 79, 214, 71, 243, 72, 198, 33, 118, 5, 140, 254, 96, 26, 28, 245, 0, 124, 135, 179, 132, 45, 208]
[2026-05-20--15-53-15 INFO txtx::svm::deploy_program] Account Created - Ephemeral authority account created and funded to write to buffer
[2026-05-20--15-53-15 INFO txtx::svm::deploy_program] [Recovery Instructions] - Creating program buffer account at pubkey FQvKf5BRCUinmmtFFSkKFBY41Dsexeehw9dn93F6S6bs
[2026-05-20--15-53-16 INFO txtx::svm::deploy_program] Account Created - Program buffer account created
[2026-05-20--15-53-39 INFO txtx::svm::deploy_program] Buffer Ready - Writing to buffer account is complete
[2026-05-20--15-53-40 ERROR txtx::svm::send_transaction] Failed - Failed to broadcast transaction
[2026-05-20--15-53-40 ERROR txtx::svm::send_transaction] Failed - error: unable to send and confirm transaction (RPC response error -32002: Transaction simulation failed: Error processing Instruction 0: custom program error: 0x0: 3 log messages:
Program 11111111111111111111111111111111 invoke [1]
Create Account: account Address { address: 97CULumuehCLe4rxT7fHJQje49QT2NC3T6zTmtEBSDRj, base: None } already in use
Program 11111111111111111111111111111111 failed: custom program error: 0x0; 3 log messages:
  Program 11111111111111111111111111111111 invoke [1]
  Create Account: account Address { address: 97CULumuehCLe4rxT7fHJQje49QT2NC3T6zTmtEBSDRj, base: None } already in use
  Program 11111111111111111111111111111111 failed: custom program error: 0x0
)
[2026-05-20--16-09-40 INFO actix_server::worker] shutting down idle worker
[2026-05-20--16-09-40 INFO actix_server::worker] shutting down idle worker
[2026-05-20--16-09-40 INFO actix_server::worker] shutting down idle worker
[2026-05-20--16-09-40 INFO actix_server::worker] shutting down idle worker
[2026-05-20--16-09-40 INFO actix_server::accept] accept thread stopped
[2026-05-20--16-09-40 INFO actix_server::worker] shutting down idle worker
