[2026-05-20--19-28-09 INFO actix_server::builder] starting 5 workers
[2026-05-20--19-28-09 INFO actix_server::server] Tokio runtime found; starting in existing Tokio runtime
[2026-05-20--19-28-09 INFO actix_server::server] starting service: "actix-web-service-127.0.0.1:18488", workers: 5, listening on: 127.0.0.1:18488
[2026-05-20--19-28-10 INFO parity_ws] Listening for new connections on 127.0.0.1:8900.
[2026-05-20--19-28-12 INFO txtx::svm::deploy_program] [Recovery Instructions] - An ephemeral authority account will be created and funded to write to the buffer account.
[2026-05-20--19-28-12 INFO txtx::svm::deploy_program] [Recovery Instructions] - Please save the following information in case the deployment fails and the account needs to be recovered:
[2026-05-20--19-28-12 INFO txtx::svm::deploy_program] [Recovery Instructions] - Ephemeral authority public key: 5dfE13Pt1uwWcNEXnum5pYavN3U372GC1JhGCwRPDaBt
[2026-05-20--19-28-12 INFO txtx::svm::deploy_program] [Recovery Instructions] - Ephemeral authority secret key: [146, 177, 234, 69, 240, 77, 48, 194, 61, 32, 7, 201, 51, 35, 48, 75, 83, 212, 126, 245, 251, 29, 214, 1, 197, 94, 201, 47, 42, 216, 161, 210, 68, 210, 224, 132, 39, 212, 9, 219, 65, 105, 206, 140, 58, 25, 8, 155, 106, 51, 106, 62, 108, 40, 120, 255, 46, 5, 217, 61, 61, 120, 108, 91]
[2026-05-20--19-28-12 INFO txtx::svm::deploy_program] Account Created - Ephemeral authority account created and funded to write to buffer
[2026-05-20--19-28-12 INFO txtx::svm::deploy_program] [Recovery Instructions] - Creating program buffer account at pubkey GweqV6rsMs3R42d6bicCj5rJHMkGJ5E9VCXda2bA3d3g
[2026-05-20--19-28-12 INFO txtx::svm::deploy_program] Account Created - Program buffer account created
[2026-05-20--19-28-34 INFO txtx::svm::deploy_program] Buffer Ready - Writing to buffer account is complete
[2026-05-20--19-28-35 INFO txtx::svm::deploy_program] Program Created - Program 97CULumuehCLe4rxT7fHJQje49QT2NC3T6zTmtEBSDRj has been deployed
[2026-05-20--19-28-36 INFO txtx::svm::deploy_program] Complete - Ephemeral authority account closed and leftover funds returned to payer
[2026-05-20--19-38-12 INFO actix_server::worker] shutting down idle worker
[2026-05-20--19-38-12 INFO actix_server::worker] shutting down idle worker
[2026-05-20--19-38-12 INFO actix_server::accept] accept thread stopped
[2026-05-20--19-38-12 INFO actix_server::worker] shutting down idle worker
[2026-05-20--19-38-12 INFO actix_server::worker] shutting down idle worker
[2026-05-20--19-38-12 INFO actix_server::worker] shutting down idle worker
