[2026-05-20--19-39-27 INFO actix_server::builder] starting 5 workers
[2026-05-20--19-39-27 INFO actix_server::server] Tokio runtime found; starting in existing Tokio runtime
[2026-05-20--19-39-27 INFO actix_server::server] starting service: "actix-web-service-127.0.0.1:18488", workers: 5, listening on: 127.0.0.1:18488
[2026-05-20--19-39-28 INFO parity_ws] Listening for new connections on 127.0.0.1:8900.
[2026-05-20--19-39-29 INFO txtx::svm::deploy_program] [Recovery Instructions] - An ephemeral authority account will be created and funded to write to the buffer account.
[2026-05-20--19-39-29 INFO txtx::svm::deploy_program] [Recovery Instructions] - Please save the following information in case the deployment fails and the account needs to be recovered:
[2026-05-20--19-39-29 INFO txtx::svm::deploy_program] [Recovery Instructions] - Ephemeral authority public key: BvaRntYVnWb4UBb45YuNLucSXnpdp1ad72Mjte3wfTwa
[2026-05-20--19-39-29 INFO txtx::svm::deploy_program] [Recovery Instructions] - Ephemeral authority secret key: [101, 252, 203, 134, 233, 228, 17, 186, 90, 53, 15, 180, 46, 113, 215, 205, 176, 182, 46, 10, 215, 43, 160, 234, 44, 161, 247, 172, 224, 231, 214, 57, 162, 78, 114, 219, 179, 52, 188, 179, 190, 199, 11, 191, 213, 137, 33, 246, 12, 89, 117, 252, 89, 197, 49, 161, 143, 95, 9, 190, 47, 120, 213, 85]
[2026-05-20--19-39-30 INFO txtx::svm::deploy_program] Account Created - Ephemeral authority account created and funded to write to buffer
[2026-05-20--19-39-30 INFO txtx::svm::deploy_program] [Recovery Instructions] - Creating program buffer account at pubkey Df8J5jMt47V3iGG2dBQAHyU4QXifrzYYVJZmR6qJTE8N
[2026-05-20--19-39-31 INFO txtx::svm::deploy_program] Account Created - Program buffer account created
[2026-05-20--19-39-48 INFO txtx::svm::deploy_program] Buffer Ready - Writing to buffer account is complete
[2026-05-20--19-39-49 INFO txtx::svm::deploy_program] Program Created - Program 97CULumuehCLe4rxT7fHJQje49QT2NC3T6zTmtEBSDRj has been deployed
[2026-05-20--19-39-50 INFO txtx::svm::deploy_program] Complete - Ephemeral authority account closed and leftover funds returned to payer
[2026-05-20--21-43-14 INFO actix_server::worker] shutting down idle worker
[2026-05-20--21-43-14 INFO actix_server::worker] shutting down idle worker
[2026-05-20--21-43-14 INFO actix_server::worker] shutting down idle worker
[2026-05-20--21-43-14 INFO actix_server::worker] shutting down idle worker
[2026-05-20--21-43-14 INFO actix_server::worker] shutting down idle worker
[2026-05-20--21-43-14 INFO actix_server::accept] accept thread stopped
