[2026-05-20--15-20-57 INFO actix_server::builder] starting 5 workers
[2026-05-20--15-20-57 INFO actix_server::server] Tokio runtime found; starting in existing Tokio runtime
[2026-05-20--15-20-57 INFO actix_server::server] starting service: "actix-web-service-127.0.0.1:18488", workers: 5, listening on: 127.0.0.1:18488
[2026-05-20--15-20-59 INFO parity_ws] Listening for new connections on 127.0.0.1:8900.
[2026-05-20--15-21-03 INFO txtx::svm::deploy_program] [Recovery Instructions] - An ephemeral authority account will be created and funded to write to the buffer account.
[2026-05-20--15-21-03 INFO txtx::svm::deploy_program] [Recovery Instructions] - Please save the following information in case the deployment fails and the account needs to be recovered:
[2026-05-20--15-21-03 INFO txtx::svm::deploy_program] [Recovery Instructions] - Ephemeral authority public key: 8ByY6vpbZJjzmCggbm34fdyHEdgZsNQRFKNmqtpcX17d
[2026-05-20--15-21-03 INFO txtx::svm::deploy_program] [Recovery Instructions] - Ephemeral authority secret key: [205, 84, 176, 211, 226, 49, 108, 144, 2, 174, 42, 130, 108, 218, 54, 111, 127, 182, 22, 97, 135, 32, 220, 2, 161, 212, 54, 207, 244, 231, 181, 17, 106, 209, 138, 212, 231, 107, 167, 0, 228, 39, 242, 30, 165, 62, 119, 144, 101, 102, 236, 195, 232, 123, 200, 113, 85, 205, 36, 118, 42, 133, 240, 128]
[2026-05-20--15-21-04 INFO txtx::svm::deploy_program] Account Created - Ephemeral authority account created and funded to write to buffer
[2026-05-20--15-21-04 INFO txtx::svm::deploy_program] [Recovery Instructions] - Creating program buffer account at pubkey 44mB4crXRV6Aaxcb1iPXPrBU23cQhmaj87wjvByyXNBM
[2026-05-20--15-21-05 INFO txtx::svm::deploy_program] Account Created - Program buffer account created
[2026-05-20--15-21-14 INFO txtx::svm::deploy_program] Buffer Ready - Writing to buffer account is complete
[2026-05-20--15-21-17 INFO txtx::svm::deploy_program] Program Created - Program 97CULumuehCLe4rxT7fHJQje49QT2NC3T6zTmtEBSDRj has been deployed
[2026-05-20--15-21-18 INFO txtx::svm::deploy_program] Complete - Ephemeral authority account closed and leftover funds returned to payer
[2026-05-20--15-34-48 INFO actix_server::accept] accept thread stopped
[2026-05-20--15-34-48 INFO actix_server::worker] shutting down idle worker
[2026-05-20--15-34-48 INFO actix_server::worker] shutting down idle worker
[2026-05-20--15-34-48 INFO actix_server::worker] shutting down idle worker
[2026-05-20--15-34-48 INFO actix_server::worker] shutting down idle worker
[2026-05-20--15-34-48 INFO actix_server::worker] shutting down idle worker
